// Jest Snapshot v1, https://goo.gl/fbAQLP

exports[`Archive component matches snapshot 1`] = `
<div>
  <div
    class="ui left aligned container archive"
  >
    <h1
      class="main-header"
    >
      12 Tracks of Year Project
    </h1>
    <p>
      The project was created at March, 2018. The main idea is to create playlists from 12 handpicked songs each year. I pick one song each mounth starting from March and ending with February. Each song is my favorite songs of the mounth. This song can be a fresh release or a music discovery of the mounth for me. Mostly playlist contains songs in such genres as Downtempo, Hip-Hop & House, but not only.
    </p>
    <h2
      class="main-header"
    >
      Archive
    </h2>
    <div
      class="ui stackable left aligned five column grid"
    >
      <div
        class="row"
      >
        <div
          class="column archive__column"
        >
          <div
            data-testid="archive-item"
            src="playlist 2018.jpg"
            class="dimmed dimmable archive-item"
          >
            <a
              href="/playlist/2018"
            >
              <img
                src="playlist 2018.jpg"
                class="ui image archive-item__image"
              />
            </a>
            <div
              class="ui active transition visible dimmer"
              style="display: flex;"
            >
              <div
                class="content"
              >
                2018
              </div>
            </div>
          </div>
        </div>
        <div
          class="column archive__column"
        >
          <div
            data-testid="archive-item"
            src="playlist 2019.jpg"
            class="dimmed dimmable archive-item"
          >
            <a
              href="/playlist/2019"
            >
              <img
                src="playlist 2019.jpg"
                class="ui image archive-item__image"
              />
            </a>
            <div
              class="ui active transition visible dimmer"
              style="display: flex;"
            >
              <div
                class="content"
              >
                2019
              </div>
            </div>
          </div>
        </div>
      </div>
    </div>
  </div>
</div>
`;
